// Jest Snapshot v1, https://goo.gl/fbAQLP

exports[`POST /thesis should return 200 if correct thesis is provided 1`] = `"Opis Opis Opis Opis Opis Opis Opis Opis Opis Opis "`;
