// Jest Snapshot v1, https://goo.gl/fbAQLP

exports[`GET /user/theses should return 200 1`] = `
Object {
  "data": Array [],
}
`;
