// Jest Snapshot v1, https://goo.gl/fbAQLP

exports[`ApplyModal renders correctly 1`] = `<div />`;
