// Jest Snapshot v1, https://goo.gl/fbAQLP

exports[`HVCenterWrapper renders correctly 1`] = `
<div
  style={
    Object {
      "alignItems": "center",
      "display": "flex",
      "height": "100vh",
      "justifyContent": "center",
      "width": "100%",
    }
  }
/>
`;
