// Jest Snapshot v1, https://goo.gl/fbAQLP

exports[`LoginForm renders correctly 1`] = `
<form
  className="ant-form ant-form-horizontal login-form"
  onSubmit={[Function]}
  style={
    Object {
      "maxWidth": "280px",
    }
  }
>
  <div
    className="ant-row ant-form-item"
    style={undefined}
  >
    <div
      className="ant-form-item-control-wrapper"
    >
      <div
        className="ant-form-item-control "
      >
        <span
          className="ant-input-affix-wrapper"
          style={undefined}
        >
          <span
            className="ant-input-prefix"
          >
            <i
              className="anticon anticon-user"
              style={
                Object {
                  "fontSize": 13,
                }
              }
            />
          </span>
          <input
            className="ant-input ant-input-lg"
            data-__meta={
              Object {
                "leadingName": "login",
                "name": "login",
                "originalProps": Object {
                  "disabled": false,
                  "id": "login-email",
                  "placeholder": "Email",
                  "prefix": <Icon
                    style={
                      Object {
                        "fontSize": 13,
                      }
                    }
                    type="user"
                  />,
                  "prefixCls": "ant-input",
                  "type": "text",
                },
                "ref": null,
                "rules": Array [
                  Object {
                    "message": "Proszę podac email!",
                    "required": true,
                  },
                ],
                "trigger": "onChange",
                "validate": Array [
                  Object {
                    "rules": Array [
                      Object {
                        "message": "Proszę podac email!",
                        "required": true,
                      },
                    ],
                    "trigger": Array [
                      "onChange",
                    ],
                  },
                ],
                "valuePropName": "value",
              }
            }
            disabled={false}
            id="login"
            onChange={[Function]}
            onKeyDown={[Function]}
            placeholder="Email"
            size="large"
            style={null}
            type="text"
            value=""
          />
        </span>
      </div>
    </div>
  </div>
  <div
    className="ant-row ant-form-item"
    style={undefined}
  >
    <div
      className="ant-form-item-control-wrapper"
    >
      <div
        className="ant-form-item-control "
      >
        <span
          className="ant-input-affix-wrapper"
          style={undefined}
        >
          <span
            className="ant-input-prefix"
          >
            <i
              className="anticon anticon-lock"
              style={
                Object {
                  "fontSize": 13,
                }
              }
            />
          </span>
          <input
            className="ant-input ant-input-lg"
            data-__meta={
              Object {
                "leadingName": "password",
                "name": "password",
                "originalProps": Object {
                  "disabled": false,
                  "id": "login-password",
                  "placeholder": "Hasło",
                  "prefix": <Icon
                    style={
                      Object {
                        "fontSize": 13,
                      }
                    }
                    type="lock"
                  />,
                  "prefixCls": "ant-input",
                  "type": "password",
                },
                "ref": null,
                "rules": Array [
                  Object {
                    "message": "Proszę podac hasło!",
                    "required": true,
                  },
                ],
                "trigger": "onChange",
                "validate": Array [
                  Object {
                    "rules": Array [
                      Object {
                        "message": "Proszę podac hasło!",
                        "required": true,
                      },
                    ],
                    "trigger": Array [
                      "onChange",
                    ],
                  },
                ],
                "valuePropName": "value",
              }
            }
            disabled={false}
            id="password"
            onChange={[Function]}
            onKeyDown={[Function]}
            placeholder="Hasło"
            size="large"
            style={null}
            type="password"
            value=""
          />
        </span>
      </div>
    </div>
  </div>
  <div
    className="ant-row ant-form-item"
    style={undefined}
  >
    <div
      className="ant-form-item-control-wrapper"
    >
      <div
        className="ant-form-item-control "
      >
        <a
          className="login-form-forgot"
          href=""
          style={
            Object {
              "float": "left",
            }
          }
        >
          Zapomniałam/em hasła
        </a>
        <button
          className="ant-btn login-form-button ant-btn-primary ant-btn-lg"
          onClick={[Function]}
          style={
            Object {
              "width": "100%",
            }
          }
          type="submit"
        >
          <span>
            Zaloguj
          </span>
        </button>
        <a
          href="/register"
          onClick={[Function]}
        >
          Zarejestruj sie!
        </a>
      </div>
    </div>
  </div>
</form>
`;
